Archive member included to satisfy reference by file (symbol)

C:/ST/STM32CubeIDE_1.19.0/STM32CubeIDE/plugins/com.st.stm32cube.ide.mcu.externaltools.gnu-tools-for-stm32.13.3.rel1.win32_1.0.0.202411081344/tools/bin/../lib/gcc/arm-none-eabi/13.3.1/../../../../arm-none-eabi/lib/thumb/v7e-m+fp/hard\libc_nano.a(libc_a-exit.o)
                              C:/ST/STM32CubeIDE_1.19.0/STM32CubeIDE/plugins/com.st.stm32cube.ide.mcu.externaltools.gnu-tools-for-stm32.13.3.rel1.win32_1.0.0.202411081344/tools/bin/../lib/gcc/arm-none-eabi/13.3.1/../../../../arm-none-eabi/lib/thumb/v7e-m+fp/hard/crt0.o (exit)
C:/ST/STM32CubeIDE_1.19.0/STM32CubeIDE/plugins/com.st.stm32cube.ide.mcu.externaltools.gnu-tools-for-stm32.13.3.rel1.win32_1.0.0.202411081344/tools/bin/../lib/gcc/arm-none-eabi/13.3.1/../../../../arm-none-eabi/lib/thumb/v7e-m+fp/hard\libc_nano.a(libc_a-findfp.o)
                              C:/ST/STM32CubeIDE_1.19.0/STM32CubeIDE/plugins/com.st.stm32cube.ide.mcu.externaltools.gnu-tools-for-stm32.13.3.rel1.win32_1.0.0.202411081344/tools/bin/../lib/gcc/arm-none-eabi/13.3.1/../../../../arm-none-eabi/lib/thumb/v7e-m+fp/hard\libc_nano.a(libc_a-exit.o) (__stdio_exit_handler)
C:/ST/STM32CubeIDE_1.19.0/STM32CubeIDE/plugins/com.st.stm32cube.ide.mcu.externaltools.gnu-tools-for-stm32.13.3.rel1.win32_1.0.0.202411081344/tools/bin/../lib/gcc/arm-none-eabi/13.3.1/../../../../arm-none-eabi/lib/thumb/v7e-m+fp/hard\libc_nano.a(libc_a-fwalk.o)
                              C:/ST/STM32CubeIDE_1.19.0/STM32CubeIDE/plugins/com.st.stm32cube.ide.mcu.externaltools.gnu-tools-for-stm32.13.3.rel1.win32_1.0.0.202411081344/tools/bin/../lib/gcc/arm-none-eabi/13.3.1/../../../../arm-none-eabi/lib/thumb/v7e-m+fp/hard\libc_nano.a(libc_a-findfp.o) (_fwalk_sglue)
C:/ST/STM32CubeIDE_1.19.0/STM32CubeIDE/plugins/com.st.stm32cube.ide.mcu.externaltools.gnu-tools-for-stm32.13.3.rel1.win32_1.0.0.202411081344/tools/bin/../lib/gcc/arm-none-eabi/13.3.1/../../../../arm-none-eabi/lib/thumb/v7e-m+fp/hard\libc_nano.a(libc_a-stdio.o)
                              C:/ST/STM32CubeIDE_1.19.0/STM32CubeIDE/plugins/com.st.stm32cube.ide.mcu.externaltools.gnu-tools-for-stm32.13.3.rel1.win32_1.0.0.202411081344/tools/bin/../lib/gcc/arm-none-eabi/13.3.1/../../../../arm-none-eabi/lib/thumb/v7e-m+fp/hard\libc_nano.a(libc_a-findfp.o) (__sread)
C:/ST/STM32CubeIDE_1.19.0/STM32CubeIDE/plugins/com.st.stm32cube.ide.mcu.externaltools.gnu-tools-for-stm32.13.3.rel1.win32_1.0.0.202411081344/tools/bin/../lib/gcc/arm-none-eabi/13.3.1/../../../../arm-none-eabi/lib/thumb/v7e-m+fp/hard\libc_nano.a(libc_a-memset.o)
                              C:/ST/STM32CubeIDE_1.19.0/STM32CubeIDE/plugins/com.st.stm32cube.ide.mcu.externaltools.gnu-tools-for-stm32.13.3.rel1.win32_1.0.0.202411081344/tools/bin/../lib/gcc/arm-none-eabi/13.3.1/../../../../arm-none-eabi/lib/thumb/v7e-m+fp/hard/crt0.o (memset)
C:/ST/STM32CubeIDE_1.19.0/STM32CubeIDE/plugins/com.st.stm32cube.ide.mcu.externaltools.gnu-tools-for-stm32.13.3.rel1.win32_1.0.0.202411081344/tools/bin/../lib/gcc/arm-none-eabi/13.3.1/../../../../arm-none-eabi/lib/thumb/v7e-m+fp/hard\libc_nano.a(libc_a-closer.o)
                              C:/ST/STM32CubeIDE_1.19.0/STM32CubeIDE/plugins/com.st.stm32cube.ide.mcu.externaltools.gnu-tools-for-stm32.13.3.rel1.win32_1.0.0.202411081344/tools/bin/../lib/gcc/arm-none-eabi/13.3.1/../../../../arm-none-eabi/lib/thumb/v7e-m+fp/hard\libc_nano.a(libc_a-stdio.o) (_close_r)
C:/ST/STM32CubeIDE_1.19.0/STM32CubeIDE/plugins/com.st.stm32cube.ide.mcu.externaltools.gnu-tools-for-stm32.13.3.rel1.win32_1.0.0.202411081344/tools/bin/../lib/gcc/arm-none-eabi/13.3.1/../../../../arm-none-eabi/lib/thumb/v7e-m+fp/hard\libc_nano.a(libc_a-reent.o)
                              C:/ST/STM32CubeIDE_1.19.0/STM32CubeIDE/plugins/com.st.stm32cube.ide.mcu.externaltools.gnu-tools-for-stm32.13.3.rel1.win32_1.0.0.202411081344/tools/bin/../lib/gcc/arm-none-eabi/13.3.1/../../../../arm-none-eabi/lib/thumb/v7e-m+fp/hard\libc_nano.a(libc_a-closer.o) (errno)
C:/ST/STM32CubeIDE_1.19.0/STM32CubeIDE/plugins/com.st.stm32cube.ide.mcu.externaltools.gnu-tools-for-stm32.13.3.rel1.win32_1.0.0.202411081344/tools/bin/../lib/gcc/arm-none-eabi/13.3.1/../../../../arm-none-eabi/lib/thumb/v7e-m+fp/hard\libc_nano.a(libc_a-impure.o)
                              C:/ST/STM32CubeIDE_1.19.0/STM32CubeIDE/plugins/com.st.stm32cube.ide.mcu.externaltools.gnu-tools-for-stm32.13.3.rel1.win32_1.0.0.202411081344/tools/bin/../lib/gcc/arm-none-eabi/13.3.1/../../../../arm-none-eabi/lib/thumb/v7e-m+fp/hard\libc_nano.a(libc_a-reent.o) (_impure_ptr)
C:/ST/STM32CubeIDE_1.19.0/STM32CubeIDE/plugins/com.st.stm32cube.ide.mcu.externaltools.gnu-tools-for-stm32.13.3.rel1.win32_1.0.0.202411081344/tools/bin/../lib/gcc/arm-none-eabi/13.3.1/../../../../arm-none-eabi/lib/thumb/v7e-m+fp/hard\libc_nano.a(libc_a-lseekr.o)
[...]
Memory Configuration

Name             Origin             Length             Attributes
CCMRAM           0x10000000         0x00001000         xrw
RAM              0x20000000         0x00003000         xrw
FLASH            0x08000000         0x00010000         xr
*default*        0x00000000         0xffffffff

Linker script and memory map

LOAD C:/ST/STM32CubeIDE_1.19.0/STM32CubeIDE/plugins/com.st.stm32cube.ide.mcu.externaltools.gnu-tools-for-stm32.13.3.rel1.win32_1.0.0.202411081344/tools/bin/../lib/gcc/arm-none-eabi/13.3.1/thumb/v7e-m+fp/hard/crti.o
LOAD C:/ST/STM32CubeIDE_1.19.0/STM32CubeIDE/plugins/com.st.stm32cube.ide.mcu.externaltools.gnu-tools-for-stm32.13.3.rel1.win32_1.0.0.202411081344/tools/bin/../lib/gcc/arm-none-eabi/13.3.1/thumb/v7e-m+fp/hard/crtbegin.o
LOAD C:/ST/STM32CubeIDE_1.19.0/STM32CubeIDE/plugins/com.st.stm32cube.ide.mcu.externaltools.gnu-tools-for-stm32.13.3.rel1.win32_1.0.0.202411081344/tools/bin/../lib/gcc/arm-none-eabi/13.3.1/../../../../arm-none-eabi/lib/thumb/v7e-m+fp/hard/crt0.o
LOAD ./Core/Src/gpio.o
LOAD ./Core/Src/i2c.o
LOAD ./Core/Src/main.o
LOAD ./Core/Src/motor.o
LOAD ./Core/Src/sensors.o
LOAD ./Core/Src/spi.o
LOAD ./Core/Src/stm32f3xx_hal_msp.o
LOAD ./Core/Src/stm32f3xx_it.o
LOAD ./Core/Src/syscalls.o
LOAD ./Core/Src/sysmem.o
LOAD ./Core/Src/system_stm32f3xx.o
LOAD ./Core/Src/tim.o
LOAD ./Core/Startup/startup_stm32f303k8tx.o
LOAD ./Drivers/STM32F3xx_HAL_Driver/Src/stm32f3xx_hal.o
LOAD ./Drivers/STM32F3xx_HAL_Driver/Src/stm32f3xx_hal_cortex.o
LOAD ./Drivers/STM32F3xx_HAL_Driver/Src/stm32f3xx_hal_dma.o
LOAD ./Drivers/STM32F3xx_HAL_Driver/Src/stm32f3xx_hal_exti.o
LOAD ./Drivers/STM32F3xx_HAL_Driver/Src/stm32f3xx_hal_flash.o
LOAD ./Drivers/STM32F3xx_HAL_Driver/Src/stm32f3xx_hal_flash_ex.o
LOAD ./Drivers/STM32F3xx_HAL_Driver/Src/stm32f3xx_hal_gpio.o
LOAD ./Drivers/STM32F3xx_HAL_Driver/Src/stm32f3xx_hal_i2c.o
LOAD ./Drivers/STM32F3xx_HAL_Driver/Src/stm32f3xx_hal_i2c_ex.o
LOAD ./Drivers/STM32F3xx_HAL_Driver/Src/stm32f3xx_hal_pwr.o
LOAD ./Drivers/STM32F3xx_HAL_Driver/Src/stm32f3xx_hal_pwr_ex.o
LOAD ./Drivers/STM32F3xx_HAL_Driver/Src/stm32f3xx_hal_rcc.o
LOAD ./Drivers/STM32F3xx_HAL_Driver/Src/stm32f3xx_hal_rcc_ex.o
LOAD ./Drivers/STM32F3xx_HAL_Driver/Src/stm32f3xx_hal_spi.o
LOAD ./Drivers/STM32F3xx_HAL_Driver/Src/stm32f3xx_hal_spi_ex.o
LOAD ./Drivers/STM32F3xx_HAL_Driver/Src/stm32f3xx_hal_tim.o
LOAD ./Drivers/STM32F3xx_HAL_Driver/Src/stm32f3xx_hal_tim_ex.o
LOAD ./FATFS/App/fatfs.o
LOAD ./FATFS/Target/user_diskio.o
LOAD ./Middlewares/Third_Party/FatFs/src/diskio.o
LOAD ./Middlewares/Third_Party/FatFs/src/ff.o
LOAD ./Middlewares/Third_Party/FatFs/src/ff_gen_drv.o
LOAD ./Middlewares/Third_Party/FatFs/src/option/syscall.o
START GROUP
LOAD C:/ST/STM32CubeIDE_1.19.0/STM32CubeIDE/plugins/com.st.stm32cube.ide.mcu.externaltools.gnu-tools-for-stm32.13.3.rel1.win32_1.0.0.202411081344/tools/bin/../lib/gcc/arm-none-eabi/13.3.1/../../../../arm-none-eabi/lib/thumb/v7e-m+fp/hard\libc_nano.a
LOAD C:/ST/STM32CubeIDE_1.19.0/STM32CubeIDE/plugins/com.st.stm32cube.ide.mcu.externaltools.gnu-tools-for-stm32.13.3.rel1.win32_1.0.0.202411081344/tools/bin/../lib/gcc/arm-none-eabi/13.3.1/../../../../arm-none-eabi/lib/thumb/v7e-m+fp/hard\libm.a
END GROUP
START GROUP
LOAD C:/ST/STM32CubeIDE_1.19.0/STM32CubeIDE/plugins/com.st.stm32cube.ide.mcu.externaltools.gnu-tools-for-stm32.13.3.rel1.win32_1.0.0.202411081344/tools/bin/../lib/gcc/arm-none-eabi/13.3.1/thumb/v7e-m+fp/hard\libgcc.a
LOAD C:/ST/STM32CubeIDE_1.19.0/STM32CubeIDE/plugins/com.st.stm32cube.ide.mcu.externaltools.gnu-tools-for-stm32.13.3.rel1.win32_1.0.0.202411081344/tools/bin/../lib/gcc/arm-none-eabi/13.3.1/../../../../arm-none-eabi/lib/thumb/v7e-m+fp/hard\libc_nano.a
END GROUP
START GROUP
LOAD C:/ST/STM32CubeIDE_1.19.0/STM32CubeIDE/plugins/com.st.stm32cube.ide.mcu.externaltools.gnu-tools-for-stm32.13.3.rel1.win32_1.0.0.202411081344/tools/bin/../lib/gcc/arm-none-eabi/13.3.1/thumb/v7e-m+fp/hard\libgcc.a
LOAD C:/ST/STM32CubeIDE_1.19.0/STM32CubeIDE/plugins/com.st.stm32cube.ide.mcu.externaltools.gnu-tools-for-stm32.13.3.rel1.win32_1.0.0.202411081344/tools/bin/../lib/gcc/arm-none-eabi/13.3.1/../../../../arm-none-eabi/lib/thumb/v7e-m+fp/hard\libc_nano.a
LOAD C:/ST/STM32CubeIDE_1.19.0/STM32CubeIDE/plugins/com.st.stm32cube.ide.mcu.externaltools.gnu-tools-for-stm32.13.3.rel1.win32_1.0.0.202411081344/tools/bin/../lib/gcc/arm-none-eabi/13.3.1/../../../../arm-none-eabi/lib/thumb/v7e-m+fp/hard\libnosys.a
END GROUP
START GROUP
LOAD C:/ST/STM32CubeIDE_1.19.0/STM32CubeIDE/plugins/com.st.stm32cube.ide.mcu.externaltools.gnu-tools-for-stm32.13.3.rel1.win32_1.0.0.202411081344/tools/bin/../lib/gcc/arm-none-eabi/13.3.1/thumb/v7e-m+fp/hard\libgcc.a
LOAD C:/ST/STM32CubeIDE_1.19.0/STM32CubeIDE/plugins/com.st.stm32cube.ide.mcu.externaltools.gnu-tools-for-stm32.13.3.rel1.win32_1.0.0.202411081344/tools/bin/../lib/gcc/arm-none-eabi/13.3.1/../../../../arm-none-eabi/lib/thumb/v7e-m+fp/hard\libc_nano.a
LOAD C:/ST/STM32CubeIDE_1.19.0/STM32CubeIDE/plugins/com.st.stm32cube.ide.mcu.externaltools.gnu-tools-for-stm32.13.3.rel1.win32_1.0.0.202411081344/tools/bin/../lib/gcc/arm-none-eabi/13.3.1/../../../../arm-none-eabi/lib/thumb/v7e-m+fp/hard\libnosys.a
END GROUP
LOAD C:/ST/STM32CubeIDE_1.19.0/STM32CubeIDE/plugins/com.st.stm32cube.ide.mcu.externaltools.gnu-tools-for-stm32.13.3.rel1.win32_1.0.0.202411081344/tools/bin/../lib/gcc/arm-none-eabi/13.3.1/thumb/v7e-m+fp/hard/crtend.o
LOAD C:/ST/STM32CubeIDE_1.19.0/STM32CubeIDE/plugins/com.st.stm32cube.ide.mcu.externaltools.gnu-tools-for-stm32.13.3.rel1.win32_1.0.0.202411081344/tools/bin/../lib/gcc/arm-none-eabi/13.3.1/thumb/v7e-m+fp/hard/crtn.o
                0x20003000                        _estack = (ORIGIN (RAM) + LENGTH (RAM))
                0x00000200                        _Min_Heap_Size = 0x200
                0x00000400                        _Min_Stack_Size = 0x400

.isr_vector     0x08000000      0x188
                0x08000000                        . = ALIGN (0x4)
 *(.isr_vector)
 .isr_vector    0x08000000      0x188 ./Core/Startup/startup_stm32f303k8tx.o
                0x08000000                g_pfnVectors
                0x08000188                        . = ALIGN (0x4)

.text           0x08000188     0x3e9c
                0x08000188                        . = ALIGN (0x4)
 *(.text)
 .text          0x08000188       0x40 C:/ST/STM32CubeIDE_1.19.0/STM32CubeIDE/plugins/com.st.stm32cube.ide.mcu.externaltools.gnu-tools-for-stm32.13.3.rel1.win32_1.0.0.202411081344/tools/bin/../lib/gcc/arm-none-eabi/13.3.1/thumb/v7e-m+fp/hard/crtbegin.o
 *(.text*)
 .text.MX_GPIO_Init
                0x080001c8       0xe8 ./Core/Src/gpio.o
                0x080001c8                MX_GPIO_Init
 .text.MX_I2C1_Init
                0x080002b0       0x80 ./Core/Src/i2c.o
                0x080002b0                MX_I2C1_Init
 .text.HAL_I2C_MspInit
                0x08000330       0x88 ./Core/Src/i2c.o
                0x08000330                HAL_I2C_MspInit
 .text.main     0x080003b8      0x100 ./Core/Src/main.o
                0x080003b8                main
 .text.SystemClock_Config
                0x080004b8       0xb6 ./Core/Src/main.o
                0x080004b8                SystemClock_Config
 .text.Error_Handler
                0x0800056e        0xc ./Core/Src/main.o
                0x0800056e                Error_Handler
 *fill*         0x0800057a        0x2 
 .text.Raw_Move_Open
                0x0800057c       0x28 ./Core/Src/motor.o
 .text.Raw_Move_Close
                0x080005a4       0x28 ./Core/Src/motor.o
 .text.Motor_Init
                0x080005cc       0x28 ./Core/Src/motor.o
                0x080005cc                Motor_Init
 .text.Motor_Process
                0x080005f4       0xd4 ./Core/Src/motor.o
                0x080005f4                Motor_Process
 .text.delay_us
                0x080006c8       0x34 ./Core/Src/sensors.o
 .text.HCSR04_Read_Distance
                0x080006fc       0x90 ./Core/Src/sensors.o
                0x080006fc                HCSR04_Read_Distance
 .text.Sensor_Init
                0x0800078c       0x1c ./Core/Src/sensors.o
                0x0800078c                Sensor_Init
 .text.Sensor_Update
                0x080007a8       0xb0 ./Core/Src/sensors.o
                0x080007a8                Sensor_Update
 .text.Sensor_GetCarPosition
                0x08000858       0x18 ./Core/Src/sensors.o
                0x08000858                Sensor_GetCarPosition
 .text.MX_SPI1_Init
                0x08000870       0x7c ./Core/Src/spi.o
                0x08000870                MX_SPI1_Init
 .text.HAL_SPI_MspInit
                0x080008ec       0x84 ./Core/Src/spi.o
                0x080008ec                HAL_SPI_MspInit
 .text.HAL_MspInit
                0x08000970       0x48 ./Core/Src/stm32f3xx_hal_msp.o
                0x08000970                HAL_MspInit
 .text.NMI_Handler
                0x080009b8        0x8 ./Core/Src/stm32f3xx_it.o
                0x080009b8                NMI_Handler
 .text.HardFault_Handler
                0x080009c0        0x8 ./Core/Src/stm32f3xx_it.o
                0x080009c0                HardFault_Handler
 .text.MemManage_Handler
                0x080009c8        0x8 ./Core/Src/stm32f3xx_it.o
                0x080009c8                MemManage_Handler
 .text.BusFault_Handler
                0x080009d0        0x8 ./Core/Src/stm32f3xx_it.o
                0x080009d0                BusFault_Handler
 .text.UsageFault_Handler
                0x080009d8        0x8 ./Core/Src/stm32f3xx_it.o
                0x080009d8                UsageFault_Handler
 .text.SVC_Handler
                0x080009e0        0xe ./Core/Src/stm32f3xx_it.o
                0x080009e0                SVC_Handler
 .text.DebugMon_Handler
                0x080009ee        0xe ./Core/Src/stm32f3xx_it.o
                0x080009ee                DebugMon_Handler
 .text.PendSV_Handler
                0x080009fc        0xe ./Core/Src/stm32f3xx_it.o
                0x080009fc                PendSV_Handler
 .text.SysTick_Handler
                0x08000a0a        0xc ./Core/Src/stm32f3xx_it.o
                0x08000a0a                SysTick_Handler
 *fill*         0x08000a16        0x2 
 .text.SystemInit
                0x08000a18       0x24 ./Core/Src/system_stm32f3xx.o
                0x08000a18                SystemInit
 .text.MX_TIM1_Init
                0x08000a3c      0x120 ./Core/Src/tim.o
                0x08000a3c                MX_TIM1_Init
 .text.MX_TIM2_Init
                0x08000b5c       0x9c ./Core/Src/tim.o
                0x08000b5c                MX_TIM2_Init
 .text.HAL_TIM_PWM_MspInit
                0x08000bf8       0x40 ./Core/Src/tim.o
                0x08000bf8                HAL_TIM_PWM_MspInit
 .text.HAL_TIM_Base_MspInit
                0x08000c38       0x3c ./Core/Src/tim.o
                0x08000c38                HAL_TIM_Base_MspInit
 .text.HAL_TIM_MspPostInit
                0x08000c74       0x70 ./Core/Src/tim.o
                0x08000c74                HAL_TIM_MspPostInit
 .text.Reset_Handler
                0x08000ce4       0x50 ./Core/Startup/startup_stm32f303k8tx.o
                0x08000ce4                Reset_Handler
 .text.Default_Handler
                0x08000d34        0x2 ./Core/Startup/startup_stm32f303k8tx.o
                0x08000d34                RTC_Alarm_IRQHandler
                0x08000d34                TIM1_CC_IRQHandler
                0x08000d34                PVD_IRQHandler
                0x08000d34                TAMP_STAMP_IRQHandler
                0x08000d34                EXTI3_IRQHandler
                0x08000d34                EXTI0_IRQHandler
                0x08000d34                FPU_IRQHandler
                0x08000d34                CAN_TX_IRQHandler
                0x08000d34                TIM1_UP_TIM16_IRQHandler
                0x08000d34                ADC1_2_IRQHandler
                0x08000d34                SPI1_IRQHandler
                0x08000d34                CAN_SCE_IRQHandler
                0x08000d34                DMA1_Channel4_IRQHandler
                0x08000d34                USART3_IRQHandler
                0x08000d34                DMA1_Channel7_IRQHandler
                0x08000d34                TIM7_DAC2_IRQHandler
                0x08000d34                CAN_RX1_IRQHandler
                0x08000d34                I2C1_EV_IRQHandler
                0x08000d34                DMA1_Channel6_IRQHandler
                0x08000d34                TIM3_IRQHandler
                0x08000d34                RCC_IRQHandler
                0x08000d34                DMA1_Channel1_IRQHandler
                0x08000d34                Default_Handler
                0x08000d34                EXTI15_10_IRQHandler
                0x08000d34                COMP2_IRQHandler
                0x08000d34                TIM6_DAC1_IRQHandler
                0x08000d34                EXTI9_5_IRQHandler
                0x08000d34                RTC_WKUP_IRQHandler
                0x08000d34                DMA1_Channel5_IRQHandler
                0x08000d34                EXTI4_IRQHandler
                0x08000d34                TIM1_TRG_COM_TIM17_IRQHandler
                0x08000d34                DMA1_Channel3_IRQHandler
                0x08000d34                WWDG_IRQHandler
                0x08000d34                TIM2_IRQHandler
                0x08000d34                EXTI1_IRQHandler
                0x08000d34                COMP4_6_IRQHandler
                0x08000d34                USART2_IRQHandler
                0x08000d34                DMA1_Channel2_IRQHandler
                0x08000d34                FLASH_IRQHandler
                0x08000d34                USART1_IRQHandler
                0x08000d34                CAN_RX0_IRQHandler
                0x08000d34                I2C1_ER_IRQHandler
                0x08000d34                EXTI2_TSC_IRQHandler
                0x08000d34                TIM1_BRK_TIM15_IRQHandler
 *fill*         0x08000d36        0x2 
 .text.HAL_Init
                0x08000d38       0x2c ./Drivers/STM32F3xx_HAL_Driver/Src/stm32f3xx_hal.o
                0x08000d38                HAL_Init
 .text.HAL_InitTick
                0x08000d64       0x60 ./Drivers/STM32F3xx_HAL_Driver/Src/stm32f3xx_hal.o
                0x08000d64                HAL_InitTick
 .text.HAL_IncTick
                0x08000dc4       0x28 ./Drivers/STM32F3xx_HAL_Driver/Src/stm32f3xx_hal.o
                0x08000dc4                HAL_IncTick
 .text.HAL_GetTick
                0x08000dec       0x18 ./Drivers/STM32F3xx_HAL_Driver/Src/stm32f3xx_hal.o
                0x08000dec                HAL_GetTick
 .text.HAL_Delay
                0x08000e04       0x48 ./Drivers/STM32F3xx_HAL_Driver/Src/stm32f3xx_hal.o
                0x08000e04                HAL_Delay
 .text.__NVIC_SetPriorityGrouping
                0x08000e4c       0x48 ./Drivers/STM32F3xx_HAL_Driver/Src/stm32f3xx_hal_cortex.o
 .text.__NVIC_GetPriorityGrouping
                0x08000e94       0x1c ./Drivers/STM32F3xx_HAL_Driver/Src/stm32f3xx_hal_cortex.o
 .text.__NVIC_SetPriority
                0x08000eb0       0x54 ./Drivers/STM32F3xx_HAL_Driver/Src/stm32f3xx_hal_cortex.o
 .text.NVIC_EncodePriority
                0x08000f04       0x66 ./Drivers/STM32F3xx_HAL_Driver/Src/stm32f3xx_hal_cortex.o
 *fill*         0x08000f6a        0x2 
 .text.SysTick_Config
                0x08000f6c       0x44 ./Drivers/STM32F3xx_HAL_Driver/Src/stm32f3xx_hal_cortex.o
 .text.HAL_NVIC_SetPriorityGrouping
                0x08000fb0       0x16 ./Drivers/STM32F3xx_HAL_Driver/Src/stm32f3xx_hal_cortex.o
                0x08000fb0                HAL_NVIC_SetPriorityGrouping
 .text.HAL_NVIC_SetPriority
                0x08000fc6       0x38 ./Drivers/STM32F3xx_HAL_Driver/Src/stm32f3xx_hal_cortex.o
                0x08000fc6                HAL_NVIC_SetPriority
 .text.HAL_SYSTICK_Config
                0x08000ffe       0x18 ./Drivers/STM32F3xx_HAL_Driver/Src/stm32f3xx_hal_cortex.o
                0x08000ffe                HAL_SYSTICK_Config
 *fill*         0x08001016        0x2 
 .text.HAL_GPIO_Init
                0x08001018      0x2e4 ./Drivers/STM32F3xx_HAL_Driver/Src/stm32f3xx_hal_gpio.o
                0x08001018                HAL_GPIO_Init
 .text.HAL_GPIO_ReadPin
                0x080012fc       0x30 ./Drivers/STM32F3xx_HAL_Driver/Src/stm32f3xx_hal_gpio.o
                0x080012fc                HAL_GPIO_ReadPin
 .text.HAL_GPIO_WritePin
                0x0800132c       0x30 ./Drivers/STM32F3xx_HAL_Driver/Src/stm32f3xx_hal_gpio.o
                0x0800132c                HAL_GPIO_WritePin
 .text.HAL_I2C_Init
                0x0800135c      0x136 ./Drivers/STM32F3xx_HAL_Driver/Src/stm32f3xx_hal_i2c.o
                0x0800135c                HAL_I2C_Init
 .text.HAL_I2CEx_ConfigAnalogFilter
                0x08001492       0x96 ./Drivers/STM32F3xx_HAL_Driver/Src/stm32f3xx_hal_i2c_ex.o
                0x08001492                HAL_I2CEx_ConfigAnalogFilter
 .text.HAL_I2CEx_ConfigDigitalFilter
                0x08001528       0x98 ./Drivers/STM32F3xx_HAL_Driver/Src/stm32f3xx_hal_i2c_ex.o
                0x08001528                HAL_I2CEx_ConfigDigitalFilter
 .text.HAL_RCC_OscConfig
                0x080015c0     0x101c ./Drivers/STM32F3xx_HAL_Driver/Src/stm32f3xx_hal_rcc.o
                0x080015c0                HAL_RCC_OscConfig
 .text.HAL_RCC_ClockConfig
                0x080025dc      0x2dc ./Drivers/STM32F3xx_HAL_Driver/Src/stm32f3xx_hal_rcc.o
                0x080025dc                HAL_RCC_ClockConfig
 .text.HAL_RCC_GetSysClockFreq
                0x080028b8       0xa8 ./Drivers/STM32F3xx_HAL_Driver/Src/stm32f3xx_hal_rcc.o
                0x080028b8                HAL_RCC_GetSysClockFreq
 .text.HAL_RCCEx_PeriphCLKConfig
                0x08002960      0x248 ./Drivers/STM32F3xx_HAL_Driver/Src/stm32f3xx_hal_rcc_ex.o
                0x08002960                HAL_RCCEx_PeriphCLKConfig
 .text.HAL_SPI_Init
                0x08002ba8      0x146 ./Drivers/STM32F3xx_HAL_Driver/Src/stm32f3xx_hal_spi.o
                0x08002ba8                HAL_SPI_Init
 .text.HAL_TIM_Base_Init
                0x08002cee       0xae ./Drivers/STM32F3xx_HAL_Driver/Src/stm32f3xx_hal_tim.o
                0x08002cee                HAL_TIM_Base_Init
 .text.HAL_TIM_Base_Start
                0x08002d9c       0xa8 ./Drivers/STM32F3xx_HAL_Driver/Src/stm32f3xx_hal_tim.o
                0x08002d9c                HAL_TIM_Base_Start
 .text.HAL_TIM_PWM_Init
                0x08002e44       0xae ./Drivers/STM32F3xx_HAL_Driver/Src/stm32f3xx_hal_tim.o
                0x08002e44                HAL_TIM_PWM_Init
 *fill*         0x08002ef2        0x2 
 .text.HAL_TIM_PWM_Start
                0x08002ef4      0x1d8 ./Drivers/STM32F3xx_HAL_Driver/Src/stm32f3xx_hal_tim.o
                0x08002ef4                HAL_TIM_PWM_Start
 .text.HAL_TIM_PWM_ConfigChannel
                0x080030cc      0x228 ./Drivers/STM32F3xx_HAL_Driver/Src/stm32f3xx_hal_tim.o
                0x080030cc                HAL_TIM_PWM_ConfigChannel
 .text.HAL_TIM_ConfigClockSource
                0x080032f4      0x192 ./Drivers/STM32F3xx_HAL_Driver/Src/stm32f3xx_hal_tim.o
                0x080032f4                HAL_TIM_ConfigClockSource
 *fill*         0x08003486        0x2 
 .text.TIM_Base_SetConfig
                0x08003488      0x108 ./Drivers/STM32F3xx_HAL_Driver/Src/stm32f3xx_hal_tim.o
                0x08003488                TIM_Base_SetConfig
 .text.TIM_OC1_SetConfig
                0x08003590      0x10c ./Drivers/STM32F3xx_HAL_Driver/Src/stm32f3xx_hal_tim.o
 .text.TIM_OC2_SetConfig
                0x0800369c      0x100 ./Drivers/STM32F3xx_HAL_Driver/Src/stm32f3xx_hal_tim.o
                0x0800369c                TIM_OC2_SetConfig
 .text.TIM_OC3_SetConfig
                0x0800379c       0xfc ./Drivers/STM32F3xx_HAL_Driver/Src/stm32f3xx_hal_tim.o
 .text.TIM_OC4_SetConfig
                0x08003898       0xc8 ./Drivers/STM32F3xx_HAL_Driver/Src/stm32f3xx_hal_tim.o
 .text.TIM_OC5_SetConfig
                0x08003960       0xbc ./Drivers/STM32F3xx_HAL_Driver/Src/stm32f3xx_hal_tim.o
 .text.TIM_OC6_SetConfig
                0x08003a1c       0xc0 ./Drivers/STM32F3xx_HAL_Driver/Src/stm32f3xx_hal_tim.o
 .text.TIM_TI1_ConfigInputStage
                0x08003adc       0x5e ./Drivers/STM32F3xx_HAL_Driver/Src/stm32f3xx_hal_tim.o
 .text.TIM_TI2_ConfigInputStage
                0x08003b3a       0x60 ./Drivers/STM32F3xx_HAL_Driver/Src/stm32f3xx_hal_tim.o
 .text.TIM_ITRx_SetConfig
                0x08003b9a       0x36 ./Drivers/STM32F3xx_HAL_Driver/Src/stm32f3xx_hal_tim.o
 .text.TIM_ETR_SetConfig
                0x08003bd0       0x40 ./Drivers/STM32F3xx_HAL_Driver/Src/stm32f3xx_hal_tim.o
                0x08003bd0                TIM_ETR_SetConfig
 .text.TIM_CCxChannelCmd
                0x08003c10       0x4a ./Drivers/STM32F3xx_HAL_Driver/Src/stm32f3xx_hal_tim.o
                0x08003c10                TIM_CCxChannelCmd
 *fill*         0x08003c5a        0x2 
 .text.HAL_TIMEx_MasterConfigSynchronization
                0x08003c5c       0xdc ./Drivers/STM32F3xx_HAL_Driver/Src/stm32f3xx_hal_tim_ex.o
                0x08003c5c                HAL_TIMEx_MasterConfigSynchronization
 .text.HAL_TIMEx_ConfigBreakDeadTime
                0x08003d38       0xf0 ./Drivers/STM32F3xx_HAL_Driver/Src/stm32f3xx_hal_tim_ex.o
                0x08003d38                HAL_TIMEx_ConfigBreakDeadTime
 .text.MX_FATFS_Init
                0x08003e28       0x24 ./FATFS/App/fatfs.o
                0x08003e28                MX_FATFS_Init
 .text.USER_initialize
                0x08003e4c       0x28 ./FATFS/Target/user_diskio.o
                0x08003e4c                USER_initialize
 .text.USER_status
                0x08003e74       0x28 ./FATFS/Target/user_diskio.o
                0x08003e74                USER_status
 .text.USER_read
                0x08003e9c       0x1e ./FATFS/Target/user_diskio.o
                0x08003e9c                USER_read
 .text.USER_write
                0x08003eba       0x1e ./FATFS/Target/user_diskio.o
                0x08003eba                USER_write
 .text.USER_ioctl
                0x08003ed8       0x22 ./FATFS/Target/user_diskio.o
                0x08003ed8                USER_ioctl
 *fill*         0x08003efa        0x2 
 .text.FATFS_LinkDriverEx
                0x08003efc       0x98 ./Middlewares/Third_Party/FatFs/src/ff_gen_drv.o
                0x08003efc                FATFS_LinkDriverEx
 .text.FATFS_LinkDriver
                0x08003f94       0x1e ./Middlewares/Third_Party/FatFs/src/ff_gen_drv.o
                0x08003f94                FATFS_LinkDriver
 .text.memset   0x08003fb2       0x10 C:/ST/STM32CubeIDE_1.19.0/STM32CubeIDE/plugins/com.st.stm32cube.ide.mcu.externaltools.gnu-tools-for-stm32.13.3.rel1.win32_1.0.0.202411081344/tools/bin/../lib/gcc/arm-none-eabi/13.3.1/../../../../arm-none-eabi/lib/thumb/v7e-m+fp/hard\libc_nano.a(libc_a-memset.o)
                0x08003fb2                memset
 *fill*         0x08003fc2        0x2 
 .text.__libc_init_array
                0x08003fc4       0x48 C:/ST/STM32CubeIDE_1.19.0/STM32CubeIDE/plugins/com.st.stm32cube.ide.mcu.externaltools.gnu-tools-for-stm32.13.3.rel1.win32_1.0.0.202411081344/tools/bin/../lib/gcc/arm-none-eabi/13.3.1/../../../../arm-none-eabi/lib/thumb/v7e-m+fp/hard\libc_nano.a(libc_a-init.o)
                0x08003fc4                __libc_init_array
 *(.glue_7)
 .glue_7        0x0800400c        0x0 linker stubs
 *(.glue_7t)
 .glue_7t       0x0800400c        0x0 linker stubs
 *(.eh_frame)
 .eh_frame      0x0800400c        0x0 C:/ST/STM32CubeIDE_1.19.0/STM32CubeIDE/plugins/com.st.stm32cube.ide.mcu.externaltools.gnu-tools-for-stm32.13.3.rel1.win32_1.0.0.202411081344/tools/bin/../lib/gcc/arm-none-eabi/13.3.1/thumb/v7e-m+fp/hard/crtbegin.o
 *(.init)
 .init          0x0800400c        0x4 C:/ST/STM32CubeIDE_1.19.0/STM32CubeIDE/plugins/com.st.stm32cube.ide.mcu.externaltools.gnu-tools-for-stm32.13.3.rel1.win32_1.0.0.202411081344/tools/bin/../lib/gcc/arm-none-eabi/13.3.1/thumb/v7e-m+fp/hard/crti.o
                0x0800400c                _init
 .init          0x08004010        0x8 C:/ST/STM32CubeIDE_1.19.0/STM32CubeIDE/plugins/com.st.stm32cube.ide.mcu.externaltools.gnu-tools-for-stm32.13.3.rel1.win32_1.0.0.202411081344/tools/bin/../lib/gcc/arm-none-eabi/13.3.1/thumb/v7e-m+fp/hard/crtn.o
 *(.fini)
 .fini          0x08004018        0x4 C:/ST/STM32CubeIDE_1.19.0/STM32CubeIDE/plugins/com.st.stm32cube.ide.mcu.externaltools.gnu-tools-for-stm32.13.3.rel1.win32_1.0.0.202411081344/tools/bin/../lib/gcc/arm-none-eabi/13.3.1/thumb/v7e-m+fp/hard/crti.o
                0x08004018                _fini
 .fini          0x0800401c        0x8 C:/ST/STM32CubeIDE_1.19.0/STM32CubeIDE/plugins/com.st.stm32cube.ide.mcu.externaltools.gnu-tools-for-stm32.13.3.rel1.win32_1.0.0.202411081344/tools/bin/../lib/gcc/arm-none-eabi/13.3.1/thumb/v7e-m+fp/hard/crtn.o
                0x08004024                        . = ALIGN (0x4)
                0x08004024                        _etext = .

.vfp11_veneer   0x08004024        0x0
 .vfp11_veneer  0x08004024        0x0 linker stubs

.v4_bx          0x08004024        0x0
 .v4_bx         0x08004024        0x0 linker stubs

.iplt           0x08004024        0x0
 .iplt          0x08004024        0x0 C:/ST/STM32CubeIDE_1.19.0/STM32CubeIDE/plugins/com.st.stm32cube.ide.mcu.externaltools.gnu-tools-for-stm32.13.3.rel1.win32_1.0.0.202411081344/tools/bin/../lib/gcc/arm-none-eabi/13.3.1/thumb/v7e-m+fp/hard/crtbegin.o

.rodata         0x08004024       0x30
                0x08004024                        . = ALIGN (0x4)
 *(.rodata)
 *(.rodata*)
 .rodata.AHBPrescTable
                0x08004024       0x10 ./Core/Src/system_stm32f3xx.o
                0x08004024                AHBPrescTable
 .rodata.aPLLMULFactorTable
                0x08004034       0x10 ./Drivers/STM32F3xx_HAL_Driver/Src/stm32f3xx_hal_rcc.o
 .rodata.aPredivFactorTable
                0x08004044       0x10 ./Drivers/STM32F3xx_HAL_Driver/Src/stm32f3xx_hal_rcc.o
                0x08004054                        . = ALIGN (0x4)

.ARM.extab      0x08004054        0x0
                0x08004054                        . = ALIGN (0x4)
 *(.ARM.extab* .gnu.linkonce.armextab.*)
                0x08004054                        . = ALIGN (0x4)

.ARM            0x08004054        0x0
                0x08004054                        . = ALIGN (0x4)
                0x08004054                        __exidx_start = .
 *(.ARM.exidx*)
                0x08004054                        __exidx_end = .
                0x08004054                        . = ALIGN (0x4)

.preinit_array  0x08004054        0x0
                0x08004054                        . = ALIGN (0x4)
                0x08004054                        PROVIDE (__preinit_array_start = .)
 *(.preinit_array*)
                0x08004054                        PROVIDE (__preinit_array_end = .)
                0x08004054                        . = ALIGN (0x4)

.init_array     0x08004054        0x4
                0x08004054                        . = ALIGN (0x4)
                0x08004054                        PROVIDE (__init_array_start = .)
 *(SORT_BY_NAME(.init_array.*))
 *(.init_array*)
 .init_array    0x08004054        0x4 C:/ST/STM32CubeIDE_1.19.0/STM32CubeIDE/plugins/com.st.stm32cube.ide.mcu.externaltools.gnu-tools-for-stm32.13.3.rel1.win32_1.0.0.202411081344/tools/bin/../lib/gcc/arm-none-eabi/13.3.1/thumb/v7e-m+fp/hard/crtbegin.o
                0x08004058                        PROVIDE (__init_array_end = .)
                0x08004058                        . = ALIGN (0x4)

.fini_array     0x08004058        0x4
                0x08004058                        . = ALIGN (0x4)
                [!provide]                        PROVIDE (__fini_array_start = .)
 *(SORT_BY_NAME(.fini_array.*))
 *(.fini_array*)
 .fini_array    0x08004058        0x4 C:/ST/STM32CubeIDE_1.19.0/STM32CubeIDE/plugins/com.st.stm32cube.ide.mcu.externaltools.gnu-tools-for-stm32.13.3.rel1.win32_1.0.0.202411081344/tools/bin/../lib/gcc/arm-none-eabi/13.3.1/thumb/v7e-m+fp/hard/crtbegin.o
                [!provide]                        PROVIDE (__fini_array_end = .)
                0x0800405c                        . = ALIGN (0x4)
                0x0800405c                        _sidata = LOADADDR (.data)

.rel.dyn        0x0800405c        0x0
 .rel.iplt      0x0800405c        0x0 C:/ST/STM32CubeIDE_1.19.0/STM32CubeIDE/plugins/com.st.stm32cube.ide.mcu.externaltools.gnu-tools-for-stm32.13.3.rel1.win32_1.0.0.202411081344/tools/bin/../lib/gcc/arm-none-eabi/13.3.1/thumb/v7e-m+fp/hard/crtbegin.o

.data           0x20000000       0x20 load address 0x0800405c
                0x20000000                        . = ALIGN (0x4)
                0x20000000                        _sdata = .
 *(.data)
 *(.data*)
 .data.SystemCoreClock
                0x20000000        0x4 ./Core/Src/system_stm32f3xx.o
                0x20000000                SystemCoreClock
 .data.uwTickPrio
                0x20000004        0x4 ./Drivers/STM32F3xx_HAL_Driver/Src/stm32f3xx_hal.o
                0x20000004                uwTickPrio
 .data.uwTickFreq
                0x20000008        0x1 ./Drivers/STM32F3xx_HAL_Driver/Src/stm32f3xx_hal.o
                0x20000008                uwTickFreq
 .data.Stat     0x20000009        0x1 ./FATFS/Target/user_diskio.o
 *fill*         0x2000000a        0x2 
 .data.USER_Driver
                0x2000000c       0x14 ./FATFS/Target/user_diskio.o
                0x2000000c                USER_Driver
 *(.RamFunc)
 *(.RamFunc*)
                0x20000020                        . = ALIGN (0x4)
                0x20000020                        _edata = .
                0x0800407c                        _siccmram = LOADADDR (.ccmram)

.igot.plt       0x20000020        0x0 load address 0x0800407c
 .igot.plt      0x20000020        0x0 C:/ST/STM32CubeIDE_1.19.0/STM32CubeIDE/plugins/com.st.stm32cube.ide.mcu.externaltools.gnu-tools-for-stm32.13.3.rel1.win32_1.0.0.202411081344/tools/bin/../lib/gcc/arm-none-eabi/13.3.1/thumb/v7e-m+fp/hard/crtbegin.o

.ccmram         0x10000000        0x0 load address 0x0800407c
                0x10000000                        . = ALIGN (0x4)
                0x10000000                        _sccmram = .
 *(.ccmram)
 *(.ccmram*)
                0x10000000                        . = ALIGN (0x4)
                0x10000000                        _eccmram = .
                0x10000000                        . = ALIGN (0x4)

.bss            0x20000020      0x194
                0x20000020                        _sbss = .
                0x20000020                        __bss_start__ = _sbss
 *(.bss)
 .bss           0x20000020       0x1c C:/ST/STM32CubeIDE_1.19.0/STM32CubeIDE/plugins/com.st.stm32cube.ide.mcu.externaltools.gnu-tools-for-stm32.13.3.rel1.win32_1.0.0.202411081344/tools/bin/../lib/gcc/arm-none-eabi/13.3.1/thumb/v7e-m+fp/hard/crtbegin.o
 *(.bss*)
 .bss.hi2c1     0x2000003c       0x54 ./Core/Src/i2c.o
                0x2000003c                hi2c1
 .bss.currentState
                0x20000090        0x1 ./Core/Src/motor.o
 *fill*         0x20000091        0x3 
 .bss.dist_in   0x20000094        0x4 ./Core/Src/sensors.o
                0x20000094                dist_in
 .bss.dist_out  0x20000098        0x4 ./Core/Src/sensors.o
                0x20000098                dist_out
 .bss.car_pos   0x2000009c        0x1 ./Core/Src/sensors.o
                0x2000009c                car_pos
 *fill*         0x2000009d        0x3 
 .bss.hspi1     0x200000a0       0x64 ./Core/Src/spi.o
                0x200000a0                hspi1
 .bss.htim1     0x20000104       0x4c ./Core/Src/tim.o
                0x20000104                htim1
 .bss.htim2     0x20000150       0x4c ./Core/Src/tim.o
                0x20000150                htim2
 .bss.uwTick    0x2000019c        0x4 ./Drivers/STM32F3xx_HAL_Driver/Src/stm32f3xx_hal.o
                0x2000019c                uwTick
 .bss.retUSER   0x200001a0        0x1 ./FATFS/App/fatfs.o
                0x200001a0                retUSER
 *fill*         0x200001a1        0x3 
 .bss.USERPath  0x200001a4        0x4 ./FATFS/App/fatfs.o
                0x200001a4                USERPath
 .bss.disk      0x200001a8        0xc ./Middlewares/Third_Party/FatFs/src/ff_gen_drv.o
                0x200001a8                disk
 *(COMMON)
                0x200001b4                        . = ALIGN (0x4)
                0x200001b4                        _ebss = .
                0x200001b4                        __bss_end__ = _ebss

._user_heap_stack
                0x200001b4      0x604
                0x200001b8                        . = ALIGN (0x8)
 *fill*         0x200001b4        0x4 
                [!provide]                        PROVIDE (end = .)
                0x200001b8                        PROVIDE (_end = .)
                0x200003b8                        . = (. + _Min_Heap_Size)
 *fill*         0x200001b8      0x200 
                0x200007b8                        . = (. + _Min_Stack_Size)
 *fill*         0x200003b8      0x400 
                0x200007b8                        . = ALIGN (0x8)

/DISCARD/
 libc.a(*)
 libm.a(*)
 libgcc.a(*)

.ARM.attributes
                0x00000000       0x30
 *(.ARM.attributes)
 .ARM.attributes
                0x00000000       0x22 C:/ST/STM32CubeIDE_1.19.0/STM32CubeIDE/plugins/com.st.stm32cube.ide.mcu.externaltools.gnu-tools-for-stm32.13.3.rel1.win32_1.0.0.202411081344/tools/bin/../lib/gcc/arm-none-eabi/13.3.1/thumb/v7e-m+fp/hard/crti.o
 .ARM.attributes
                0x00000022       0x34 C:/ST/STM32CubeIDE_1.19.0/STM32CubeIDE/plugins/com.st.stm32cube.ide.mcu.externaltools.gnu-tools-for-stm32.13.3.rel1.win32_1.0.0.202411081344/tools/bin/../lib/gcc/arm-none-eabi/13.3.1/thumb/v7e-m+fp/hard/crtbegin.o
 .ARM.attributes
                0x00000056       0x34 ./Core/Src/gpio.o
 .ARM.attributes
                0x0000008a       0x34 ./Core/Src/i2c.o
 .ARM.attributes
                0x000000be       0x34 ./Core/Src/main.o
 .ARM.attributes
                0x000000f2       0x34 ./Core/Src/motor.o
 .ARM.attributes
                0x00000126       0x34 ./Core/Src/sensors.o
 .ARM.attributes
                0x0000015a       0x34 ./Core/Src/spi.o
 .ARM.attributes
                0x0000018e       0x34 ./Core/Src/stm32f3xx_hal_msp.o
 .ARM.attributes
                0x000001c2       0x34 ./Core/Src/stm32f3xx_it.o
 .ARM.attributes
                0x000001f6       0x34 ./Core/Src/system_stm32f3xx.o
 .ARM.attributes
                0x0000022a       0x34 ./Core/Src/tim.o
 .ARM.attributes
                0x0000025e       0x21 ./Core/Startup/startup_stm32f303k8tx.o
 .ARM.attributes
                0x0000027f       0x34 ./Drivers/STM32F3xx_HAL_Driver/Src/stm32f3xx_hal.o
 .ARM.attributes
                0x000002b3       0x34 ./Drivers/STM32F3xx_HAL_Driver/Src/stm32f3xx_hal_cortex.o
 .ARM.attributes
                0x000002e7       0x34 ./Drivers/STM32F3xx_HAL_Driver/Src/stm32f3xx_hal_gpio.o
 .ARM.attributes
                0x0000031b       0x34 ./Drivers/STM32F3xx_HAL_Driver/Src/stm32f3xx_hal_i2c.o
 .ARM.attributes
                0x0000034f       0x34 ./Drivers/STM32F3xx_HAL_Driver/Src/stm32f3xx_hal_i2c_ex.o
 .ARM.attributes
                0x00000383       0x34 ./Drivers/STM32F3xx_HAL_Driver/Src/stm32f3xx_hal_rcc.o
 .ARM.attributes
                0x000003b7       0x34 ./Drivers/STM32F3xx_HAL_Driver/Src/stm32f3xx_hal_rcc_ex.o
 .ARM.attributes
                0x000003eb       0x34 ./Drivers/STM32F3xx_HAL_Driver/Src/stm32f3xx_hal_spi.o
 .ARM.attributes
                0x0000041f       0x34 ./Drivers/STM32F3xx_HAL_Driver/Src/stm32f3xx_hal_tim.o
 .ARM.attributes
                0x00000453       0x34 ./Drivers/STM32F3xx_HAL_Driver/Src/stm32f3xx_hal_tim_ex.o
 .ARM.attributes
                0x00000487       0x34 ./FATFS/App/fatfs.o
 .ARM.attributes
                0x000004bb       0x34 ./FATFS/Target/user_diskio.o
 .ARM.attributes
                0x000004ef       0x34 ./Middlewares/Third_Party/FatFs/src/ff_gen_drv.o
 .ARM.attributes
                0x00000523       0x34 C:/ST/STM32CubeIDE_1.19.0/STM32CubeIDE/plugins/com.st.stm32cube.ide.mcu.externaltools.gnu-tools-for-stm32.13.3.rel1.win32_1.0.0.202411081344/tools/bin/../lib/gcc/arm-none-eabi/13.3.1/../../../../arm-none-eabi/lib/thumb/v7e-m+fp/hard\libc_nano.a(libc_a-memset.o)
 .ARM.attributes
                0x00000557       0x34 C:/ST/STM32CubeIDE_1.19.0/STM32CubeIDE/plugins/com.st.stm32cube.ide.mcu.externaltools.gnu-tools-for-stm32.13.3.rel1.win32_1.0.0.202411081344/tools/bin/../lib/gcc/arm-none-eabi/13.3.1/../../../../arm-none-eabi/lib/thumb/v7e-m+fp/hard\libc_nano.a(libc_a-init.o)
 .ARM.attributes
                0x0000058b       0x22 C:/ST/STM32CubeIDE_1.19.0/STM32CubeIDE/plugins/com.st.stm32cube.ide.mcu.externaltools.gnu-tools-for-stm32.13.3.rel1.win32_1.0.0.202411081344/tools/bin/../lib/gcc/arm-none-eabi/13.3.1/thumb/v7e-m+fp/hard/crtn.o
OUTPUT(intelligent_garage.elf elf32-littlearm)
LOAD linker stubs
LOAD C:/ST/STM32CubeIDE_1.19.0/STM32CubeIDE/plugins/com.st.stm32cube.ide.mcu.externaltools.gnu-tools-for-stm32.13.3.rel1.win32_1.0.0.202411081344/tools/bin/../lib/gcc/arm-none-eabi/13.3.1/../../../../arm-none-eabi/lib/thumb/v7e-m+fp/hard\libc.a
LOAD C:/ST/STM32CubeIDE_1.19.0/STM32CubeIDE/plugins/com.st.stm32cube.ide.mcu.externaltools.gnu-tools-for-stm32.13.3.rel1.win32_1.0.0.202411081344/tools/bin/../lib/gcc/arm-none-eabi/13.3.1/../../../../arm-none-eabi/lib/thumb/v7e-m+fp/hard\libm.a
LOAD C:/ST/STM32CubeIDE_1.19.0/STM32CubeIDE/plugins/com.st.stm32cube.ide.mcu.externaltools.gnu-tools-for-stm32.13.3.rel1.win32_1.0.0.202411081344/tools/bin/../lib/gcc/arm-none-eabi/13.3.1/thumb/v7e-m+fp/hard\libgcc.a

.debug_info     0x00000000     0xfa3c
 .debug_info    0x00000000      0x305 ./Core/Src/gpio.o
 .debug_info    0x00000305      0x8b4 ./Core/Src/i2c.o
 .debug_info    0x00000bb9      0x475 ./Core/Src/main.o
 .debug_info    0x0000102e      0x86a ./Core/Src/motor.o
 .debug_info    0x00001898      0x90a ./Core/Src/sensors.o
 .debug_info    0x000021a2      0x839 ./Core/Src/spi.o
 .debug_info    0x000029db      0x18d ./Core/Src/stm32f3xx_hal_msp.o
 .debug_info    0x00002b68      0x113 ./Core/Src/stm32f3xx_it.o
 .debug_info    0x00002c7b      0x407 ./Core/Src/system_stm32f3xx.o
 .debug_info    0x00003082      0xc80 ./Core/Src/tim.o
 .debug_info    0x00003d02       0x30 ./Core/Startup/startup_stm32f303k8tx.o
 .debug_info    0x00003d32      0x74a ./Drivers/STM32F3xx_HAL_Driver/Src/stm32f3xx_hal.o
 .debug_info    0x0000447c      0xa87 ./Drivers/STM32F3xx_HAL_Driver/Src/stm32f3xx_hal_cortex.o
 .debug_info    0x00004f03      0x6a6 ./Drivers/STM32F3xx_HAL_Driver/Src/stm32f3xx_hal_gpio.o
 .debug_info    0x000055a9     0x20c3 ./Drivers/STM32F3xx_HAL_Driver/Src/stm32f3xx_hal_i2c.o
 .debug_info    0x0000766c      0x8c0 ./Drivers/STM32F3xx_HAL_Driver/Src/stm32f3xx_hal_i2c_ex.o
 .debug_info    0x00007f2c     0x148a ./Drivers/STM32F3xx_HAL_Driver/Src/stm32f3xx_hal_rcc.o
 .debug_info    0x000093b6      0x52e ./Drivers/STM32F3xx_HAL_Driver/Src/stm32f3xx_hal_rcc_ex.o
 .debug_info    0x000098e4     0x160a ./Drivers/STM32F3xx_HAL_Driver/Src/stm32f3xx_hal_spi.o
 .debug_info    0x0000aeee     0x2a70 ./Drivers/STM32F3xx_HAL_Driver/Src/stm32f3xx_hal_tim.o
 .debug_info    0x0000d95e     0x156d ./Drivers/STM32F3xx_HAL_Driver/Src/stm32f3xx_hal_tim_ex.o
 .debug_info    0x0000eecb      0x4cf ./FATFS/App/fatfs.o
 .debug_info    0x0000f39a      0x328 ./FATFS/Target/user_diskio.o
 .debug_info    0x0000f6c2      0x37a ./Middlewares/Third_Party/FatFs/src/ff_gen_drv.o

.debug_abbrev   0x00000000     0x2bd6
 .debug_abbrev  0x00000000      0x151 ./Core/Src/gpio.o
 .debug_abbrev  0x00000151      0x214 ./Core/Src/i2c.o
 .debug_abbrev  0x00000365      0x1f1 ./Core/Src/main.o
 .debug_abbrev  0x00000556      0x1ce ./Core/Src/motor.o
 .debug_abbrev  0x00000724      0x22b ./Core/Src/sensors.o
 .debug_abbrev  0x0000094f      0x1f1 ./Core/Src/spi.o
 .debug_abbrev  0x00000b40       0xc6 ./Core/Src/stm32f3xx_hal_msp.o
 .debug_abbrev  0x00000c06       0x73 ./Core/Src/stm32f3xx_it.o
 .debug_abbrev  0x00000c79      0x11a ./Core/Src/system_stm32f3xx.o
 .debug_abbrev  0x00000d93      0x21e ./Core/Src/tim.o
 .debug_abbrev  0x00000fb1       0x24 ./Core/Startup/startup_stm32f303k8tx.o
 .debug_abbrev  0x00000fd5      0x215 ./Drivers/STM32F3xx_HAL_Driver/Src/stm32f3xx_hal.o
 .debug_abbrev  0x000011ea      0x2f8 ./Drivers/STM32F3xx_HAL_Driver/Src/stm32f3xx_hal_cortex.o
 .debug_abbrev  0x000014e2      0x1ca ./Drivers/STM32F3xx_HAL_Driver/Src/stm32f3xx_hal_gpio.o
 .debug_abbrev  0x000016ac      0x260 ./Drivers/STM32F3xx_HAL_Driver/Src/stm32f3xx_hal_i2c.o
 .debug_abbrev  0x0000190c      0x1c2 ./Drivers/STM32F3xx_HAL_Driver/Src/stm32f3xx_hal_i2c_ex.o
 .debug_abbrev  0x00001ace      0x300 ./Drivers/STM32F3xx_HAL_Driver/Src/stm32f3xx_hal_rcc.o
 .debug_abbrev  0x00001dce      0x221 ./Drivers/STM32F3xx_HAL_Driver/Src/stm32f3xx_hal_rcc_ex.o
 .debug_abbrev  0x00001fef      0x269 ./Drivers/STM32F3xx_HAL_Driver/Src/stm32f3xx_hal_spi.o
 .debug_abbrev  0x00002258      0x278 ./Drivers/STM32F3xx_HAL_Driver/Src/stm32f3xx_hal_tim.o
 .debug_abbrev  0x000024d0      0x283 ./Drivers/STM32F3xx_HAL_Driver/Src/stm32f3xx_hal_tim_ex.o
 .debug_abbrev  0x00002753      0x1a8 ./FATFS/App/fatfs.o
 .debug_abbrev  0x000028fb      0x13c ./FATFS/Target/user_diskio.o
 .debug_abbrev  0x00002a37      0x19f ./Middlewares/Third_Party/FatFs/src/ff_gen_drv.o

.debug_aranges  0x00000000     0x1000
 .debug_aranges
                0x00000000       0x20 ./Core/Src/gpio.o
 .debug_aranges
                0x00000020       0x30 ./Core/Src/i2c.o
 .debug_aranges
                0x00000050       0x30 ./Core/Src/main.o
 .debug_aranges
                0x00000080       0x38 ./Core/Src/motor.o
 .debug_aranges
                0x000000b8       0x40 ./Core/Src/sensors.o
 .debug_aranges
                0x000000f8       0x30 ./Core/Src/spi.o
 .debug_aranges
                0x00000128       0x20 ./Core/Src/stm32f3xx_hal_msp.o
 .debug_aranges
                0x00000148       0x60 ./Core/Src/stm32f3xx_it.o
 .debug_aranges
                0x000001a8       0x28 ./Core/Src/system_stm32f3xx.o
 .debug_aranges
                0x000001d0       0x50 ./Core/Src/tim.o
 .debug_aranges
                0x00000220       0x28 ./Core/Startup/startup_stm32f303k8tx.o
 .debug_aranges
                0x00000248       0xe0 ./Drivers/STM32F3xx_HAL_Driver/Src/stm32f3xx_hal.o
 .debug_aranges
                0x00000328      0x100 ./Drivers/STM32F3xx_HAL_Driver/Src/stm32f3xx_hal_cortex.o
 .debug_aranges
                0x00000428       0x58 ./Drivers/STM32F3xx_HAL_Driver/Src/stm32f3xx_hal_gpio.o
 .debug_aranges
                0x00000480      0x2a0 ./Drivers/STM32F3xx_HAL_Driver/Src/stm32f3xx_hal_i2c.o
 .debug_aranges
                0x00000720       0x48 ./Drivers/STM32F3xx_HAL_Driver/Src/stm32f3xx_hal_i2c_ex.o
 .debug_aranges
                0x00000768       0x88 ./Drivers/STM32F3xx_HAL_Driver/Src/stm32f3xx_hal_rcc.o
 .debug_aranges
                0x000007f0       0x38 ./Drivers/STM32F3xx_HAL_Driver/Src/stm32f3xx_hal_rcc_ex.o
 .debug_aranges
                0x00000828      0x1d8 ./Drivers/STM32F3xx_HAL_Driver/Src/stm32f3xx_hal_spi.o
 .debug_aranges
                0x00000a00      0x3e0 ./Drivers/STM32F3xx_HAL_Driver/Src/stm32f3xx_hal_tim.o
 .debug_aranges
                0x00000de0      0x178 ./Drivers/STM32F3xx_HAL_Driver/Src/stm32f3xx_hal_tim_ex.o
 .debug_aranges
                0x00000f58       0x28 ./FATFS/App/fatfs.o
 .debug_aranges
                0x00000f80       0x40 ./FATFS/Target/user_diskio.o
 .debug_aranges
                0x00000fc0       0x40 ./Middlewares/Third_Party/FatFs/src/ff_gen_drv.o

.debug_rnglists
                0x00000000      0xc53
 .debug_rnglists
                0x00000000       0x14 ./Core/Src/gpio.o
 .debug_rnglists
                0x00000014       0x21 ./Core/Src/i2c.o
 .debug_rnglists
                0x00000035       0x21 ./Core/Src/main.o
 .debug_rnglists
                0x00000056       0x26 ./Core/Src/motor.o
 .debug_rnglists
                0x0000007c       0x2d ./Core/Src/sensors.o
 .debug_rnglists
                0x000000a9       0x20 ./Core/Src/spi.o
 .debug_rnglists
                0x000000c9       0x13 ./Core/Src/stm32f3xx_hal_msp.o
 .debug_rnglists
                0x000000dc       0x43 ./Core/Src/stm32f3xx_it.o
 .debug_rnglists
                0x0000011f       0x1a ./Core/Src/system_stm32f3xx.o
 .debug_rnglists
                0x00000139       0x39 ./Core/Src/tim.o
 .debug_rnglists
                0x00000172       0x19 ./Core/Startup/startup_stm32f303k8tx.o
 .debug_rnglists
                0x0000018b       0xa3 ./Drivers/STM32F3xx_HAL_Driver/Src/stm32f3xx_hal.o
 .debug_rnglists
                0x0000022e       0xbb ./Drivers/STM32F3xx_HAL_Driver/Src/stm32f3xx_hal_cortex.o
 .debug_rnglists
                0x000002e9       0x3f ./Drivers/STM32F3xx_HAL_Driver/Src/stm32f3xx_hal_gpio.o
 .debug_rnglists
                0x00000328      0x228 ./Drivers/STM32F3xx_HAL_Driver/Src/stm32f3xx_hal_i2c.o
 .debug_rnglists
                0x00000550       0x35 ./Drivers/STM32F3xx_HAL_Driver/Src/stm32f3xx_hal_i2c_ex.o
 .debug_rnglists
                0x00000585       0x66 ./Drivers/STM32F3xx_HAL_Driver/Src/stm32f3xx_hal_rcc.o
 .debug_rnglists
                0x000005eb       0x27 ./Drivers/STM32F3xx_HAL_Driver/Src/stm32f3xx_hal_rcc_ex.o
 .debug_rnglists
                0x00000612      0x178 ./Drivers/STM32F3xx_HAL_Driver/Src/stm32f3xx_hal_spi.o
 .debug_rnglists
                0x0000078a      0x328 ./Drivers/STM32F3xx_HAL_Driver/Src/stm32f3xx_hal_tim.o
 .debug_rnglists
                0x00000ab2      0x131 ./Drivers/STM32F3xx_HAL_Driver/Src/stm32f3xx_hal_tim_ex.o
 .debug_rnglists
                0x00000be3       0x19 ./FATFS/App/fatfs.o
 .debug_rnglists
                0x00000bfc       0x2b ./FATFS/Target/user_diskio.o
 .debug_rnglists
                0x00000c27       0x2c ./Middlewares/Third_Party/FatFs/src/ff_gen_drv.o

.debug_macro    0x00000000    0x1c1c7
 .debug_macro   0x00000000      0x1df ./Core/Src/gpio.o
 .debug_macro   0x000001df      0xad8 ./Core/Src/gpio.o
 .debug_macro   0x00000cb7      0x15e ./Core/Src/gpio.o
 .debug_macro   0x00000e15       0x2e ./Core/Src/gpio.o
 .debug_macro   0x00000e43       0x28 ./Core/Src/gpio.o
 .debug_macro   0x00000e6b       0x22 ./Core/Src/gpio.o
 .debug_macro   0x00000e8d       0x8e ./Core/Src/gpio.o
 .debug_macro   0x00000f1b       0x51 ./Core/Src/gpio.o
 .debug_macro   0x00000f6c      0x103 ./Core/Src/gpio.o
 .debug_macro   0x0000106f       0x6a ./Core/Src/gpio.o
 .debug_macro   0x000010d9      0x1df ./Core/Src/gpio.o
 .debug_macro   0x000012b8       0x1c ./Core/Src/gpio.o
 .debug_macro   0x000012d4       0x22 ./Core/Src/gpio.o
 .debug_macro   0x000012f6       0xd9 ./Core/Src/gpio.o
 .debug_macro   0x000013cf      0xf07 ./Core/Src/gpio.o
 .debug_macro   0x000022d6    0x10be0 ./Core/Src/gpio.o
 .debug_macro   0x00012eb6       0x6d ./Core/Src/gpio.o
 .debug_macro   0x00012f23     0x3574 ./Core/Src/gpio.o
 .debug_macro   0x00016497      0x190 ./Core/Src/gpio.o
 .debug_macro   0x00016627       0x55 ./Core/Src/gpio.o
 .debug_macro   0x0001667c      0x8f8 ./Core/Src/gpio.o
 .debug_macro   0x00016f74      0x304 ./Core/Src/gpio.o
 .debug_macro   0x00017278      0x1b5 ./Core/Src/gpio.o
 .debug_macro   0x0001742d      0x11b ./Core/Src/gpio.o
 .debug_macro   0x00017548      0x1d5 ./Core/Src/gpio.o
 .debug_macro   0x0001771d      0x1bc ./Core/Src/gpio.o
 .debug_macro   0x000178d9       0x34 ./Core/Src/gpio.o
 .debug_macro   0x0001790d       0x3c ./Core/Src/gpio.o
 .debug_macro   0x00017949       0x57 ./Core/Src/gpio.o
 .debug_macro   0x000179a0       0xc5 ./Core/Src/gpio.o
 .debug_macro   0x00017a65      0x19f ./Core/Src/gpio.o
 .debug_macro   0x00017c04      0x22c ./Core/Src/gpio.o
 .debug_macro   0x00017e30       0x5b ./Core/Src/gpio.o
 .debug_macro   0x00017e8b       0xa5 ./Core/Src/gpio.o
 .debug_macro   0x00017f30       0x81 ./Core/Src/gpio.o
 .debug_macro   0x00017fb1       0xd3 ./Core/Src/gpio.o
 .debug_macro   0x00018084      0x2fe ./Core/Src/gpio.o
 .debug_macro   0x00018382      0xa60 ./Core/Src/gpio.o
 .debug_macro   0x00018de2       0x59 ./Core/Src/gpio.o
 .debug_macro   0x00018e3b      0x285 ./Core/Src/gpio.o
 .debug_macro   0x000190c0       0xac ./Core/Src/gpio.o
 .debug_macro   0x0001916c      0x1df ./Core/Src/i2c.o
 .debug_macro   0x0001934b      0x26a ./Core/Src/main.o
 .debug_macro   0x000195b5       0xde ./Core/Src/main.o
 .debug_macro   0x00019693       0xf5 ./Core/Src/main.o
 .debug_macro   0x00019788       0x8e ./Core/Src/main.o
 .debug_macro   0x00019816       0x22 ./Core/Src/main.o
 .debug_macro   0x00019838       0x40 ./Core/Src/main.o
 .debug_macro   0x00019878      0x20c ./Core/Src/motor.o
 .debug_macro   0x00019a84      0x1ee ./Core/Src/sensors.o
 .debug_macro   0x00019c72       0x3a ./Core/Src/sensors.o
 .debug_macro   0x00019cac      0x1df ./Core/Src/spi.o
 .debug_macro   0x00019e8b      0x1d5 ./Core/Src/stm32f3xx_hal_msp.o
 .debug_macro   0x0001a060      0x1df ./Core/Src/stm32f3xx_it.o
 .debug_macro   0x0001a23f      0x1c6 ./Core/Src/system_stm32f3xx.o
 .debug_macro   0x0001a405      0x1df ./Core/Src/tim.o
 .debug_macro   0x0001a5e4      0x1ea ./Drivers/STM32F3xx_HAL_Driver/Src/stm32f3xx_hal.o
 .debug_macro   0x0001a7ce      0x1c6 ./Drivers/STM32F3xx_HAL_Driver/Src/stm32f3xx_hal_cortex.o
 .debug_macro   0x0001a994      0x1cd ./Drivers/STM32F3xx_HAL_Driver/Src/stm32f3xx_hal_gpio.o
 .debug_macro   0x0001ab61      0x292 ./Drivers/STM32F3xx_HAL_Driver/Src/stm32f3xx_hal_i2c.o
 .debug_macro   0x0001adf3      0x1c6 ./Drivers/STM32F3xx_HAL_Driver/Src/stm32f3xx_hal_i2c_ex.o
 .debug_macro   0x0001afb9      0x1ea ./Drivers/STM32F3xx_HAL_Driver/Src/stm32f3xx_hal_rcc.o
 .debug_macro   0x0001b1a3      0x1c6 ./Drivers/STM32F3xx_HAL_Driver/Src/stm32f3xx_hal_rcc_ex.o
 .debug_macro   0x0001b369      0x1ce ./Drivers/STM32F3xx_HAL_Driver/Src/stm32f3xx_hal_spi.o
 .debug_macro   0x0001b537      0x1c7 ./Drivers/STM32F3xx_HAL_Driver/Src/stm32f3xx_hal_tim.o
 .debug_macro   0x0001b6fe      0x1c6 ./Drivers/STM32F3xx_HAL_Driver/Src/stm32f3xx_hal_tim_ex.o
 .debug_macro   0x0001b8c4      0x228 ./FATFS/App/fatfs.o
 .debug_macro   0x0001baec       0xd8 ./FATFS/App/fatfs.o
 .debug_macro   0x0001bbc4      0x2dd ./FATFS/Target/user_diskio.o
 .debug_macro   0x0001bea1       0x10 ./FATFS/Target/user_diskio.o
 .debug_macro   0x0001beb1       0x20 ./FATFS/Target/user_diskio.o
 .debug_macro   0x0001bed1       0x16 ./FATFS/Target/user_diskio.o
 .debug_macro   0x0001bee7       0x7c ./FATFS/Target/user_diskio.o
 .debug_macro   0x0001bf63       0x4f ./FATFS/Target/user_diskio.o
 .debug_macro   0x0001bfb2      0x215 ./Middlewares/Third_Party/FatFs/src/ff_gen_drv.o

.debug_line     0x00000000    0x16557
 .debug_line    0x00000000      0x791 ./Core/Src/gpio.o
 .debug_line    0x00000791      0x7e9 ./Core/Src/i2c.o
 .debug_line    0x00000f7a      0x96c ./Core/Src/main.o
 .debug_line    0x000018e6      0x836 ./Core/Src/motor.o
 .debug_line    0x0000211c      0x894 ./Core/Src/sensors.o
 .debug_line    0x000029b0      0x7dd ./Core/Src/spi.o
 .debug_line    0x0000318d      0x760 ./Core/Src/stm32f3xx_hal_msp.o
 .debug_line    0x000038ed      0x80f ./Core/Src/stm32f3xx_it.o
 .debug_line    0x000040fc      0x7da ./Core/Src/system_stm32f3xx.o
 .debug_line    0x000048d6      0x8e3 ./Core/Src/tim.o
 .debug_line    0x000051b9       0x7a ./Core/Startup/startup_stm32f303k8tx.o
 .debug_line    0x00005233      0xa16 ./Drivers/STM32F3xx_HAL_Driver/Src/stm32f3xx_hal.o
 .debug_line    0x00005c49      0xbda ./Drivers/STM32F3xx_HAL_Driver/Src/stm32f3xx_hal_cortex.o
 .debug_line    0x00006823      0xb4d ./Drivers/STM32F3xx_HAL_Driver/Src/stm32f3xx_hal_gpio.o
 .debug_line    0x00007370     0x3767 ./Drivers/STM32F3xx_HAL_Driver/Src/stm32f3xx_hal_i2c.o
 .debug_line    0x0000aad7      0x8c6 ./Drivers/STM32F3xx_HAL_Driver/Src/stm32f3xx_hal_i2c_ex.o
 .debug_line    0x0000b39d     0x1575 ./Drivers/STM32F3xx_HAL_Driver/Src/stm32f3xx_hal_rcc.o
 .debug_line    0x0000c912      0xad6 ./Drivers/STM32F3xx_HAL_Driver/Src/stm32f3xx_hal_rcc_ex.o
 .debug_line    0x0000d3e8     0x20a6 ./Drivers/STM32F3xx_HAL_Driver/Src/stm32f3xx_hal_spi.o
 .debug_line    0x0000f48e     0x3ce1 ./Drivers/STM32F3xx_HAL_Driver/Src/stm32f3xx_hal_tim.o
 .debug_line    0x0001316f     0x19d5 ./Drivers/STM32F3xx_HAL_Driver/Src/stm32f3xx_hal_tim_ex.o
 .debug_line    0x00014b44      0x800 ./FATFS/App/fatfs.o
 .debug_line    0x00015344      0x98a ./FATFS/Target/user_diskio.o
 .debug_line    0x00015cce      0x889 ./Middlewares/Third_Party/FatFs/src/ff_gen_drv.o

.debug_str      0x00000000    0xa3b38
 .debug_str     0x00000000    0xa3b38 ./Core/Src/gpio.o
                              0x9b99b (size before relaxing)
 .debug_str     0x000a3b38    0x9be98 ./Core/Src/i2c.o
 .debug_str     0x000a3b38    0x9c4ea ./Core/Src/main.o
 .debug_str     0x000a3b38    0x9bfa3 ./Core/Src/motor.o
 .debug_str     0x000a3b38    0x9c004 ./Core/Src/sensors.o
 .debug_str     0x000a3b38    0x9bdbf ./Core/Src/spi.o
 .debug_str     0x000a3b38    0x9b8d0 ./Core/Src/stm32f3xx_hal_msp.o
 .debug_str     0x000a3b38    0x9b8ff ./Core/Src/stm32f3xx_it.o
 .debug_str     0x000a3b38    0x9b6f9 ./Core/Src/system_stm32f3xx.o
 .debug_str     0x000a3b38    0x9c1d3 ./Core/Src/tim.o
 .debug_str     0x000a3b38       0x7d ./Core/Startup/startup_stm32f303k8tx.o
 .debug_str     0x000a3b38    0x9bde9 ./Drivers/STM32F3xx_HAL_Driver/Src/stm32f3xx_hal.o
 .debug_str     0x000a3b38    0x9bd0e ./Drivers/STM32F3xx_HAL_Driver/Src/stm32f3xx_hal_cortex.o
 .debug_str     0x000a3b38    0x9b8d8 ./Drivers/STM32F3xx_HAL_Driver/Src/stm32f3xx_hal_gpio.o
 .debug_str     0x000a3b38    0x9c9f9 ./Drivers/STM32F3xx_HAL_Driver/Src/stm32f3xx_hal_i2c.o
 .debug_str     0x000a3b38    0x9bc76 ./Drivers/STM32F3xx_HAL_Driver/Src/stm32f3xx_hal_i2c_ex.o
 .debug_str     0x000a3b38    0x9bb99 ./Drivers/STM32F3xx_HAL_Driver/Src/stm32f3xx_hal_rcc.o
 .debug_str     0x000a3b38    0x9b898 ./Drivers/STM32F3xx_HAL_Driver/Src/stm32f3xx_hal_rcc_ex.o
 .debug_str     0x000a3b38    0x9c011 ./Drivers/STM32F3xx_HAL_Driver/Src/stm32f3xx_hal_spi.o
 .debug_str     0x000a3b38    0x9cb30 ./Drivers/STM32F3xx_HAL_Driver/Src/stm32f3xx_hal_tim.o
 .debug_str     0x000a3b38    0x9c376 ./Drivers/STM32F3xx_HAL_Driver/Src/stm32f3xx_hal_tim_ex.o
 .debug_str     0x000a3b38    0x9c1a1 ./FATFS/App/fatfs.o
 .debug_str     0x000a3b38    0x9f2bc ./FATFS/Target/user_diskio.o
 .debug_str     0x000a3b38    0x9c11e ./Middlewares/Third_Party/FatFs/src/ff_gen_drv.o

.comment        0x00000000       0x43
 .comment       0x00000000       0x43 ./Core/Src/gpio.o
                                 0x44 (size before relaxing)
 .comment       0x00000043       0x44 ./Core/Src/i2c.o
 .comment       0x00000043       0x44 ./Core/Src/main.o
 .comment       0x00000043       0x44 ./Core/Src/motor.o
 .comment       0x00000043       0x44 ./Core/Src/sensors.o
 .comment       0x00000043       0x44 ./Core/Src/spi.o
 .comment       0x00000043       0x44 ./Core/Src/stm32f3xx_hal_msp.o
 .comment       0x00000043       0x44 ./Core/Src/stm32f3xx_it.o
 .comment       0x00000043       0x44 ./Core/Src/system_stm32f3xx.o
 .comment       0x00000043       0x44 ./Core/Src/tim.o
 .comment       0x00000043       0x44 ./Drivers/STM32F3xx_HAL_Driver/Src/stm32f3xx_hal.o
 .comment       0x00000043       0x44 ./Drivers/STM32F3xx_HAL_Driver/Src/stm32f3xx_hal_cortex.o
 .comment       0x00000043       0x44 ./Drivers/STM32F3xx_HAL_Driver/Src/stm32f3xx_hal_gpio.o
 .comment       0x00000043       0x44 ./Drivers/STM32F3xx_HAL_Driver/Src/stm32f3xx_hal_i2c.o
 .comment       0x00000043       0x44 ./Drivers/STM32F3xx_HAL_Driver/Src/stm32f3xx_hal_i2c_ex.o
 .comment       0x00000043       0x44 ./Drivers/STM32F3xx_HAL_Driver/Src/stm32f3xx_hal_rcc.o
 .comment       0x00000043       0x44 ./Drivers/STM32F3xx_HAL_Driver/Src/stm32f3xx_hal_rcc_ex.o
 .comment       0x00000043       0x44 ./Drivers/STM32F3xx_HAL_Driver/Src/stm32f3xx_hal_spi.o
 .comment       0x00000043       0x44 ./Drivers/STM32F3xx_HAL_Driver/Src/stm32f3xx_hal_tim.o
 .comment       0x00000043       0x44 ./Drivers/STM32F3xx_HAL_Driver/Src/stm32f3xx_hal_tim_ex.o
 .comment       0x00000043       0x44 ./FATFS/App/fatfs.o
 .comment       0x00000043       0x44 ./FATFS/Target/user_diskio.o
 .comment       0x00000043       0x44 ./Middlewares/Third_Party/FatFs/src/ff_gen_drv.o

.debug_frame    0x00000000     0x4154
 .debug_frame   0x00000000       0x34 ./Core/Src/gpio.o
 .debug_frame   0x00000034       0x74 ./Core/Src/i2c.o
 .debug_frame   0x000000a8       0x6c ./Core/Src/main.o
 .debug_frame   0x00000114       0x88 ./Core/Src/motor.o
 .debug_frame   0x0000019c       0xbc ./Core/Src/sensors.o
 .debug_frame   0x00000258       0x74 ./Core/Src/spi.o
 .debug_frame   0x000002cc       0x38 ./Core/Src/stm32f3xx_hal_msp.o
 .debug_frame   0x00000304      0x104 ./Core/Src/stm32f3xx_it.o
 .debug_frame   0x00000408       0x58 ./Core/Src/system_stm32f3xx.o
 .debug_frame   0x00000460      0x11c ./Core/Src/tim.o
 .debug_frame   0x0000057c      0x334 ./Drivers/STM32F3xx_HAL_Driver/Src/stm32f3xx_hal.o
 .debug_frame   0x000008b0      0x428 ./Drivers/STM32F3xx_HAL_Driver/Src/stm32f3xx_hal_cortex.o
 .debug_frame   0x00000cd8      0x14c ./Drivers/STM32F3xx_HAL_Driver/Src/stm32f3xx_hal_gpio.o
 .debug_frame   0x00000e24      0xc38 ./Drivers/STM32F3xx_HAL_Driver/Src/stm32f3xx_hal_i2c.o
 .debug_frame   0x00001a5c      0x100 ./Drivers/STM32F3xx_HAL_Driver/Src/stm32f3xx_hal_i2c_ex.o
 .debug_frame   0x00001b5c      0x214 ./Drivers/STM32F3xx_HAL_Driver/Src/stm32f3xx_hal_rcc.o
 .debug_frame   0x00001d70       0xac ./Drivers/STM32F3xx_HAL_Driver/Src/stm32f3xx_hal_rcc_ex.o
 .debug_frame   0x00001e1c      0x860 ./Drivers/STM32F3xx_HAL_Driver/Src/stm32f3xx_hal_spi.o
 .debug_frame   0x0000267c     0x1218 ./Drivers/STM32F3xx_HAL_Driver/Src/stm32f3xx_hal_tim.o
 .debug_frame   0x00003894      0x688 ./Drivers/STM32F3xx_HAL_Driver/Src/stm32f3xx_hal_tim_ex.o
 .debug_frame   0x00003f1c       0x4c ./FATFS/App/fatfs.o
 .debug_frame   0x00003f68       0xd8 ./FATFS/Target/user_diskio.o
 .debug_frame   0x00004040       0xc8 ./Middlewares/Third_Party/FatFs/src/ff_gen_drv.o
 .debug_frame   0x00004108       0x20 C:/ST/STM32CubeIDE_1.19.0/STM32CubeIDE/plugins/com.st.stm32cube.ide.mcu.externaltools.gnu-tools-for-stm32.13.3.rel1.win32_1.0.0.202411081344/tools/bin/../lib/gcc/arm-none-eabi/13.3.1/../../../../arm-none-eabi/lib/thumb/v7e-m+fp/hard\libc_nano.a(libc_a-memset.o)
 .debug_frame   0x00004128       0x2c C:/ST/STM32CubeIDE_1.19.0/STM32CubeIDE/plugins/com.st.stm32cube.ide.mcu.externaltools.gnu-tools-for-stm32.13.3.rel1.win32_1.0.0.202411081344/tools/bin/../lib/gcc/arm-none-eabi/13.3.1/../../../../arm-none-eabi/lib/thumb/v7e-m+fp/hard\libc_nano.a(libc_a-init.o)

.debug_line_str
                0x00000000       0x61
 .debug_line_str
                0x00000000       0x61 ./Core/Startup/startup_stm32f303k8tx.o
