14:01:43 **** Incremental Build of configuration Debug for project intelligent_garage ****
make -j32 all 
arm-none-eabi-gcc "../Core/Src/main.c" -mcpu=cortex-m4 -std=gnu11 -g3 -DDEBUG -DUSE_HAL_DRIVER -DSTM32F303x8 -c -I../Core/Inc -I../Drivers/STM32F3xx_HAL_Driver/Inc/Legacy -I../Drivers/STM32F3xx_HAL_Driver/Inc -I../Drivers/CMSIS/Device/ST/STM32F3xx/Include -I../Drivers/CMSIS/Include -I../FATFS/Target -I../FATFS/App -I../Middlewares/Third_Party/FatFs/src -O0 -ffunction-sections -fdata-sections -Wall -fstack-usage -fcyclomatic-complexity -MMD -MP -MF"Core/Src/main.d" -MT"Core/Src/main.o" --specs=nano.specs -mfpu=fpv4-sp-d16 -mfloat-abi=hard -mthumb -o "Core/Src/main.o"
arm-none-eabi-gcc -o "intelligent_garage.elf" @"objects.list"   -mcpu=cortex-m4 -T"C:\Matus\School\ZS_2526\VRS\Semestrálne zadanie\vrs_assignment_intelligent_garage\intelligent_garage\STM32F303K8TX_FLASH.ld" --specs=nosys.specs -Wl,-Map="intelligent_garage.map" -Wl,--gc-sections -static --specs=nano.specs -mfpu=fpv4-sp-d16 -mfloat-abi=hard -mthumb -Wl,--start-group -lc -lm -Wl,--end-group
Finished building target: intelligent_garage.elf
 
arm-none-eabi-size  intelligent_garage.elf 
arm-none-eabi-objdump -h -S intelligent_garage.elf  > "intelligent_garage.list"
   text	   data	    bss	    dec	    hex	filename
  37564	    124	   3964	  41652	   a2b4	intelligent_garage.elf
Finished building: default.size.stdout
 
Finished building: intelligent_garage.list
 
14:02:11 **** Incremental Build of configuration Debug for project intelligent_garage ****
make -j32 all 
arm-none-eabi-size  intelligent_garage.elf 
   text	   data	    bss	    dec	    hex	filename
  37564	    124	   3964	  41652	   a2b4	intelligent_garage.elf
Finished building: default.size.stdout
 
14:02:36 **** Incremental Build of configuration Debug for project intelligent_garage ****
make -j32 all 
arm-none-eabi-size  intelligent_garage.elf 
   text	   data	    bss	    dec	    hex	filename
  37564	    124	   3964	  41652	   a2b4	intelligent_garage.elf
Finished building: default.size.stdout
 
14:03:33 **** Incremental Build of configuration Debug for project intelligent_garage ****
make -j32 all 
arm-none-eabi-size  intelligent_garage.elf 
   text	   data	    bss	    dec	    hex	filename
  37564	    124	   3964	  41652	   a2b4	intelligent_garage.elf
Finished building: default.size.stdout
 
